Archive member included to satisfy reference by file (symbol)

c:/program files (x86)/atmel/studio/7.0/toolchain/avr8/avr8-gnu-toolchain/bin/../lib/gcc/avr/4.9.2/../../../../avr/lib/avr5\libm.a(divsf3.o)
                              MCAL/Timer0/TIMER0_interface.o (__divsf3)
c:/program files (x86)/atmel/studio/7.0/toolchain/avr8/avr8-gnu-toolchain/bin/../lib/gcc/avr/4.9.2/../../../../avr/lib/avr5\libm.a(divsf3x.o)
                              c:/program files (x86)/atmel/studio/7.0/toolchain/avr8/avr8-gnu-toolchain/bin/../lib/gcc/avr/4.9.2/../../../../avr/lib/avr5\libm.a(divsf3.o) (__divsf3x)
c:/program files (x86)/atmel/studio/7.0/toolchain/avr8/avr8-gnu-toolchain/bin/../lib/gcc/avr/4.9.2/../../../../avr/lib/avr5\libm.a(fixunssfsi.o)
                              APP/System.o (__fixunssfsi)
c:/program files (x86)/atmel/studio/7.0/toolchain/avr8/avr8-gnu-toolchain/bin/../lib/gcc/avr/4.9.2/../../../../avr/lib/avr5\libm.a(floatsisf.o)
                              APP/System.o (__floatunsisf)
c:/program files (x86)/atmel/studio/7.0/toolchain/avr8/avr8-gnu-toolchain/bin/../lib/gcc/avr/4.9.2/../../../../avr/lib/avr5\libm.a(fp_inf.o)
                              c:/program files (x86)/atmel/studio/7.0/toolchain/avr8/avr8-gnu-toolchain/bin/../lib/gcc/avr/4.9.2/../../../../avr/lib/avr5\libm.a(divsf3x.o) (__fp_inf)
c:/program files (x86)/atmel/studio/7.0/toolchain/avr8/avr8-gnu-toolchain/bin/../lib/gcc/avr/4.9.2/../../../../avr/lib/avr5\libm.a(fp_nan.o)
                              c:/program files (x86)/atmel/studio/7.0/toolchain/avr8/avr8-gnu-toolchain/bin/../lib/gcc/avr/4.9.2/../../../../avr/lib/avr5\libm.a(divsf3x.o) (__fp_nan)
c:/program files (x86)/atmel/studio/7.0/toolchain/avr8/avr8-gnu-toolchain/bin/../lib/gcc/avr/4.9.2/../../../../avr/lib/avr5\libm.a(fp_pscA.o)
                              c:/program files (x86)/atmel/studio/7.0/toolchain/avr8/avr8-gnu-toolchain/bin/../lib/gcc/avr/4.9.2/../../../../avr/lib/avr5\libm.a(divsf3x.o) (__fp_pscA)
c:/program files (x86)/atmel/studio/7.0/toolchain/avr8/avr8-gnu-toolchain/bin/../lib/gcc/avr/4.9.2/../../../../avr/lib/avr5\libm.a(fp_pscB.o)
                              c:/program files (x86)/atmel/studio/7.0/toolchain/avr8/avr8-gnu-toolchain/bin/../lib/gcc/avr/4.9.2/../../../../avr/lib/avr5\libm.a(divsf3x.o) (__fp_pscB)
c:/program files (x86)/atmel/studio/7.0/toolchain/avr8/avr8-gnu-toolchain/bin/../lib/gcc/avr/4.9.2/../../../../avr/lib/avr5\libm.a(fp_round.o)
                              c:/program files (x86)/atmel/studio/7.0/toolchain/avr8/avr8-gnu-toolchain/bin/../lib/gcc/avr/4.9.2/../../../../avr/lib/avr5\libm.a(divsf3.o) (__fp_round)
c:/program files (x86)/atmel/studio/7.0/toolchain/avr8/avr8-gnu-toolchain/bin/../lib/gcc/avr/4.9.2/../../../../avr/lib/avr5\libm.a(fp_split3.o)
                              c:/program files (x86)/atmel/studio/7.0/toolchain/avr8/avr8-gnu-toolchain/bin/../lib/gcc/avr/4.9.2/../../../../avr/lib/avr5\libm.a(divsf3x.o) (__fp_split3)
c:/program files (x86)/atmel/studio/7.0/toolchain/avr8/avr8-gnu-toolchain/bin/../lib/gcc/avr/4.9.2/../../../../avr/lib/avr5\libm.a(fp_zero.o)
                              c:/program files (x86)/atmel/studio/7.0/toolchain/avr8/avr8-gnu-toolchain/bin/../lib/gcc/avr/4.9.2/../../../../avr/lib/avr5\libm.a(fixunssfsi.o) (__fp_zero)
c:/program files (x86)/atmel/studio/7.0/toolchain/avr8/avr8-gnu-toolchain/bin/../lib/gcc/avr/4.9.2/../../../../avr/lib/avr5\libm.a(mulsf3.o)
                              APP/System.o (__mulsf3)
c:/program files (x86)/atmel/studio/7.0/toolchain/avr8/avr8-gnu-toolchain/bin/../lib/gcc/avr/4.9.2/../../../../avr/lib/avr5\libm.a(mulsf3x.o)
                              c:/program files (x86)/atmel/studio/7.0/toolchain/avr8/avr8-gnu-toolchain/bin/../lib/gcc/avr/4.9.2/../../../../avr/lib/avr5\libm.a(mulsf3.o) (__mulsf3x)
c:/program files (x86)/atmel/studio/7.0/toolchain/avr8/avr8-gnu-toolchain/bin/../lib/gcc/avr/4.9.2/avr5\libgcc.a(_udivmodhi4.o)
                              MCAL/Timer0/TIMER0_interface.o (__udivmodhi4)
c:/program files (x86)/atmel/studio/7.0/toolchain/avr8/avr8-gnu-toolchain/bin/../lib/gcc/avr/4.9.2/avr5\libgcc.a(_exit.o)
                              c:/program files (x86)/atmel/studio/7.0/toolchain/avr8/avr8-gnu-toolchain/bin/../lib/gcc/avr/4.9.2/../../../../avr/lib/avr5/crtatmega32.o (exit)
c:/program files (x86)/atmel/studio/7.0/toolchain/avr8/avr8-gnu-toolchain/bin/../lib/gcc/avr/4.9.2/avr5\libgcc.a(_copy_data.o)
                              APP/System.o (__do_copy_data)
c:/program files (x86)/atmel/studio/7.0/toolchain/avr8/avr8-gnu-toolchain/bin/../lib/gcc/avr/4.9.2/avr5\libgcc.a(_clear_bss.o)
                              APP/System.o (__do_clear_bss)
c:/program files (x86)/atmel/studio/7.0/toolchain/avr8/avr8-gnu-toolchain/bin/../lib/gcc/avr/4.9.2/avr5\libgcc.a(_umulhisi3.o)
                              APP/System.o (__umulhisi3)

Allocating common symbols
Common symbol       size              file

ptr_int0            0x2               MCAL/Interrupts/EXIT_interface.o
ptr1                0x2               MCAL/ADC/ADC_interface.o
ptr_OF              0x2               MCAL/Timer1/TIMER1_interface.o
ptr_int2            0x2               MCAL/Interrupts/EXIT_interface.o
ptr_TIMER0_int      0x2               MCAL/Timer0/TIMER0_interface.o
ptr_int1            0x2               MCAL/Interrupts/EXIT_interface.o

Discarded input sections

 .data          0x00000000        0x0 c:/program files (x86)/atmel/studio/7.0/toolchain/avr8/avr8-gnu-toolchain/bin/../lib/gcc/avr/4.9.2/../../../../avr/lib/avr5/crtatmega32.o
 .bss           0x00000000        0x0 c:/program files (x86)/atmel/studio/7.0/toolchain/avr8/avr8-gnu-toolchain/bin/../lib/gcc/avr/4.9.2/../../../../avr/lib/avr5/crtatmega32.o
 .text          0x00000000        0x0 APP/System.o
 .data          0x00000000        0x0 APP/System.o
 .bss           0x00000000        0x0 APP/System.o
 .text          0x00000000        0x0 HAL/Heating_Cooling_Elements/Heater_Cooler.o
 .data          0x00000000        0x0 HAL/Heating_Cooling_Elements/Heater_Cooler.o
 .bss           0x00000000        0x0 HAL/Heating_Cooling_Elements/Heater_Cooler.o
 .text.Heating_ElementLed_ON
                0x00000000        0xc HAL/Heating_Cooling_Elements/Heater_Cooler.o
 .text          0x00000000        0x0 HAL/SevenSegment/SEVEN_SEGMENT_interface.o
 .data          0x00000000        0x0 HAL/SevenSegment/SEVEN_SEGMENT_interface.o
 .bss           0x00000000        0x0 HAL/SevenSegment/SEVEN_SEGMENT_interface.o
 .text          0x00000000        0x0 main.o
 .data          0x00000000        0x0 main.o
 .bss           0x00000000        0x0 main.o
 .text          0x00000000        0x0 MCAL/ADC/ADC_interface.o
 .data          0x00000000        0x0 MCAL/ADC/ADC_interface.o
 .bss           0x00000000        0x0 MCAL/ADC/ADC_interface.o
 .text.ADC_Vid_Interrupt_Disable
                0x00000000        0x8 MCAL/ADC/ADC_interface.o
 .text          0x00000000        0x0 MCAL/DIO/DIO_interface.o
 .data          0x00000000        0x0 MCAL/DIO/DIO_interface.o
 .bss           0x00000000        0x0 MCAL/DIO/DIO_interface.o
 .text.DIO_Vid_Set_Port_Val
                0x00000000       0x2a MCAL/DIO/DIO_interface.o
 .text          0x00000000        0x0 MCAL/Internal_EEPROM/EEPROM.o
 .data          0x00000000        0x0 MCAL/Internal_EEPROM/EEPROM.o
 .bss           0x00000000        0x0 MCAL/Internal_EEPROM/EEPROM.o
 .text          0x00000000        0x0 MCAL/Interrupts/EXIT_interface.o
 .data          0x00000000        0x0 MCAL/Interrupts/EXIT_interface.o
 .bss           0x00000000        0x0 MCAL/Interrupts/EXIT_interface.o
 .text          0x00000000        0x0 MCAL/Interrupts/GIE_interface.o
 .data          0x00000000        0x0 MCAL/Interrupts/GIE_interface.o
 .bss           0x00000000        0x0 MCAL/Interrupts/GIE_interface.o
 .text.GIE_Vid_Disable
                0x00000000        0x8 MCAL/Interrupts/GIE_interface.o
 .text          0x00000000        0x0 MCAL/Timer0/TIMER0_interface.o
 .data          0x00000000        0x0 MCAL/Timer0/TIMER0_interface.o
 .bss           0x00000000        0x0 MCAL/Timer0/TIMER0_interface.o
 .text.TIMER0_Vid_Polling
                0x00000000       0x10 MCAL/Timer0/TIMER0_interface.o
 .text.TIMER0_Vid_Stop
                0x00000000        0x4 MCAL/Timer0/TIMER0_interface.o
 .text.TIMER0_DELAY_ms
                0x00000000       0x86 MCAL/Timer0/TIMER0_interface.o
 .text.TIMER0_DELAY_us
                0x00000000       0x1a MCAL/Timer0/TIMER0_interface.o
 .text.TIMER0_Vid_Interrupt_Enable
                0x00000000        0xc MCAL/Timer0/TIMER0_interface.o
 .text.TIMER0_Vid_CTC_Interrupt_Enable
                0x00000000        0xc MCAL/Timer0/TIMER0_interface.o
 .text.TIMER0_Vid_Delay_CTC
                0x00000000       0x46 MCAL/Timer0/TIMER0_interface.o
 .text.Timer0_Fast_PWM
                0x00000000       0x2a MCAL/Timer0/TIMER0_interface.o
 .text          0x00000000        0x0 MCAL/Timer1/TIMER1_interface.o
 .data          0x00000000        0x0 MCAL/Timer1/TIMER1_interface.o
 .bss           0x00000000        0x0 MCAL/Timer1/TIMER1_interface.o
 .text.TIMER1_Vid_Interrupt_Enable_Every
                0x00000000       0x7c MCAL/Timer1/TIMER1_interface.o
 .text.Timer1_OF_SetCallBack
                0x00000000        0xa MCAL/Timer1/TIMER1_interface.o
 .text.TIMER1_Vid_Stop
                0x00000000        0x4 MCAL/Timer1/TIMER1_interface.o
 .data.T1_Prescaler
                0x00000000        0xc MCAL/Timer1/TIMER1_interface.o
 .bss.OF1_Count
                0x00000000        0x2 MCAL/Timer1/TIMER1_interface.o
 .text          0x00000000        0x0 c:/program files (x86)/atmel/studio/7.0/toolchain/avr8/avr8-gnu-toolchain/bin/../lib/gcc/avr/4.9.2/../../../../avr/lib/avr5\libm.a(divsf3.o)
 .data          0x00000000        0x0 c:/program files (x86)/atmel/studio/7.0/toolchain/avr8/avr8-gnu-toolchain/bin/../lib/gcc/avr/4.9.2/../../../../avr/lib/avr5\libm.a(divsf3.o)
 .bss           0x00000000        0x0 c:/program files (x86)/atmel/studio/7.0/toolchain/avr8/avr8-gnu-toolchain/bin/../lib/gcc/avr/4.9.2/../../../../avr/lib/avr5\libm.a(divsf3.o)
 .text          0x00000000        0x0 c:/program files (x86)/atmel/studio/7.0/toolchain/avr8/avr8-gnu-toolchain/bin/../lib/gcc/avr/4.9.2/../../../../avr/lib/avr5\libm.a(divsf3x.o)
 .data          0x00000000        0x0 c:/program files (x86)/atmel/studio/7.0/toolchain/avr8/avr8-gnu-toolchain/bin/../lib/gcc/avr/4.9.2/../../../../avr/lib/avr5\libm.a(divsf3x.o)
 .bss           0x00000000        0x0 c:/program files (x86)/atmel/studio/7.0/toolchain/avr8/avr8-gnu-toolchain/bin/../lib/gcc/avr/4.9.2/../../../../avr/lib/avr5\libm.a(divsf3x.o)
 .text          0x00000000        0x0 c:/program files (x86)/atmel/studio/7.0/toolchain/avr8/avr8-gnu-toolchain/bin/../lib/gcc/avr/4.9.2/../../../../avr/lib/avr5\libm.a(fixunssfsi.o)
 .data          0x00000000        0x0 c:/program files (x86)/atmel/studio/7.0/toolchain/avr8/avr8-gnu-toolchain/bin/../lib/gcc/avr/4.9.2/../../../../avr/lib/avr5\libm.a(fixunssfsi.o)
 .bss           0x00000000        0x0 c:/program files (x86)/atmel/studio/7.0/toolchain/avr8/avr8-gnu-toolchain/bin/../lib/gcc/avr/4.9.2/../../../../avr/lib/avr5\libm.a(fixunssfsi.o)
 .text          0x00000000        0x0 c:/program files (x86)/atmel/studio/7.0/toolchain/avr8/avr8-gnu-toolchain/bin/../lib/gcc/avr/4.9.2/../../../../avr/lib/avr5\libm.a(floatsisf.o)
 .data          0x00000000        0x0 c:/program files (x86)/atmel/studio/7.0/toolchain/avr8/avr8-gnu-toolchain/bin/../lib/gcc/avr/4.9.2/../../../../avr/lib/avr5\libm.a(floatsisf.o)
 .bss           0x00000000        0x0 c:/program files (x86)/atmel/studio/7.0/toolchain/avr8/avr8-gnu-toolchain/bin/../lib/gcc/avr/4.9.2/../../../../avr/lib/avr5\libm.a(floatsisf.o)
 .text          0x00000000        0x0 c:/program files (x86)/atmel/studio/7.0/toolchain/avr8/avr8-gnu-toolchain/bin/../lib/gcc/avr/4.9.2/../../../../avr/lib/avr5\libm.a(fp_inf.o)
 .data          0x00000000        0x0 c:/program files (x86)/atmel/studio/7.0/toolchain/avr8/avr8-gnu-toolchain/bin/../lib/gcc/avr/4.9.2/../../../../avr/lib/avr5\libm.a(fp_inf.o)
 .bss           0x00000000        0x0 c:/program files (x86)/atmel/studio/7.0/toolchain/avr8/avr8-gnu-toolchain/bin/../lib/gcc/avr/4.9.2/../../../../avr/lib/avr5\libm.a(fp_inf.o)
 .text          0x00000000        0x0 c:/program files (x86)/atmel/studio/7.0/toolchain/avr8/avr8-gnu-toolchain/bin/../lib/gcc/avr/4.9.2/../../../../avr/lib/avr5\libm.a(fp_nan.o)
 .data          0x00000000        0x0 c:/program files (x86)/atmel/studio/7.0/toolchain/avr8/avr8-gnu-toolchain/bin/../lib/gcc/avr/4.9.2/../../../../avr/lib/avr5\libm.a(fp_nan.o)
 .bss           0x00000000        0x0 c:/program files (x86)/atmel/studio/7.0/toolchain/avr8/avr8-gnu-toolchain/bin/../lib/gcc/avr/4.9.2/../../../../avr/lib/avr5\libm.a(fp_nan.o)
 .text          0x00000000        0x0 c:/program files (x86)/atmel/studio/7.0/toolchain/avr8/avr8-gnu-toolchain/bin/../lib/gcc/avr/4.9.2/../../../../avr/lib/avr5\libm.a(fp_pscA.o)
 .data          0x00000000        0x0 c:/program files (x86)/atmel/studio/7.0/toolchain/avr8/avr8-gnu-toolchain/bin/../lib/gcc/avr/4.9.2/../../../../avr/lib/avr5\libm.a(fp_pscA.o)
 .bss           0x00000000        0x0 c:/program files (x86)/atmel/studio/7.0/toolchain/avr8/avr8-gnu-toolchain/bin/../lib/gcc/avr/4.9.2/../../../../avr/lib/avr5\libm.a(fp_pscA.o)
 .text          0x00000000        0x0 c:/program files (x86)/atmel/studio/7.0/toolchain/avr8/avr8-gnu-toolchain/bin/../lib/gcc/avr/4.9.2/../../../../avr/lib/avr5\libm.a(fp_pscB.o)
 .data          0x00000000        0x0 c:/program files (x86)/atmel/studio/7.0/toolchain/avr8/avr8-gnu-toolchain/bin/../lib/gcc/avr/4.9.2/../../../../avr/lib/avr5\libm.a(fp_pscB.o)
 .bss           0x00000000        0x0 c:/program files (x86)/atmel/studio/7.0/toolchain/avr8/avr8-gnu-toolchain/bin/../lib/gcc/avr/4.9.2/../../../../avr/lib/avr5\libm.a(fp_pscB.o)
 .text          0x00000000        0x0 c:/program files (x86)/atmel/studio/7.0/toolchain/avr8/avr8-gnu-toolchain/bin/../lib/gcc/avr/4.9.2/../../../../avr/lib/avr5\libm.a(fp_round.o)
 .data          0x00000000        0x0 c:/program files (x86)/atmel/studio/7.0/toolchain/avr8/avr8-gnu-toolchain/bin/../lib/gcc/avr/4.9.2/../../../../avr/lib/avr5\libm.a(fp_round.o)
 .bss           0x00000000        0x0 c:/program files (x86)/atmel/studio/7.0/toolchain/avr8/avr8-gnu-toolchain/bin/../lib/gcc/avr/4.9.2/../../../../avr/lib/avr5\libm.a(fp_round.o)
 .text          0x00000000        0x0 c:/program files (x86)/atmel/studio/7.0/toolchain/avr8/avr8-gnu-toolchain/bin/../lib/gcc/avr/4.9.2/../../../../avr/lib/avr5\libm.a(fp_split3.o)
 .data          0x00000000        0x0 c:/program files (x86)/atmel/studio/7.0/toolchain/avr8/avr8-gnu-toolchain/bin/../lib/gcc/avr/4.9.2/../../../../avr/lib/avr5\libm.a(fp_split3.o)
 .bss           0x00000000        0x0 c:/program files (x86)/atmel/studio/7.0/toolchain/avr8/avr8-gnu-toolchain/bin/../lib/gcc/avr/4.9.2/../../../../avr/lib/avr5\libm.a(fp_split3.o)
 .text          0x00000000        0x0 c:/program files (x86)/atmel/studio/7.0/toolchain/avr8/avr8-gnu-toolchain/bin/../lib/gcc/avr/4.9.2/../../../../avr/lib/avr5\libm.a(fp_zero.o)
 .data          0x00000000        0x0 c:/program files (x86)/atmel/studio/7.0/toolchain/avr8/avr8-gnu-toolchain/bin/../lib/gcc/avr/4.9.2/../../../../avr/lib/avr5\libm.a(fp_zero.o)
 .bss           0x00000000        0x0 c:/program files (x86)/atmel/studio/7.0/toolchain/avr8/avr8-gnu-toolchain/bin/../lib/gcc/avr/4.9.2/../../../../avr/lib/avr5\libm.a(fp_zero.o)
 .text          0x00000000        0x0 c:/program files (x86)/atmel/studio/7.0/toolchain/avr8/avr8-gnu-toolchain/bin/../lib/gcc/avr/4.9.2/../../../../avr/lib/avr5\libm.a(mulsf3.o)
 .data          0x00000000        0x0 c:/program files (x86)/atmel/studio/7.0/toolchain/avr8/avr8-gnu-toolchain/bin/../lib/gcc/avr/4.9.2/../../../../avr/lib/avr5\libm.a(mulsf3.o)
 .bss           0x00000000        0x0 c:/program files (x86)/atmel/studio/7.0/toolchain/avr8/avr8-gnu-toolchain/bin/../lib/gcc/avr/4.9.2/../../../../avr/lib/avr5\libm.a(mulsf3.o)
 .text          0x00000000        0x0 c:/program files (x86)/atmel/studio/7.0/toolchain/avr8/avr8-gnu-toolchain/bin/../lib/gcc/avr/4.9.2/../../../../avr/lib/avr5\libm.a(mulsf3x.o)
 .data          0x00000000        0x0 c:/program files (x86)/atmel/studio/7.0/toolchain/avr8/avr8-gnu-toolchain/bin/../lib/gcc/avr/4.9.2/../../../../avr/lib/avr5\libm.a(mulsf3x.o)
 .bss           0x00000000        0x0 c:/program files (x86)/atmel/studio/7.0/toolchain/avr8/avr8-gnu-toolchain/bin/../lib/gcc/avr/4.9.2/../../../../avr/lib/avr5\libm.a(mulsf3x.o)
 .text          0x00000000        0x0 c:/program files (x86)/atmel/studio/7.0/toolchain/avr8/avr8-gnu-toolchain/bin/../lib/gcc/avr/4.9.2/avr5\libgcc.a(_udivmodhi4.o)
 .data          0x00000000        0x0 c:/program files (x86)/atmel/studio/7.0/toolchain/avr8/avr8-gnu-toolchain/bin/../lib/gcc/avr/4.9.2/avr5\libgcc.a(_udivmodhi4.o)
 .bss           0x00000000        0x0 c:/program files (x86)/atmel/studio/7.0/toolchain/avr8/avr8-gnu-toolchain/bin/../lib/gcc/avr/4.9.2/avr5\libgcc.a(_udivmodhi4.o)
 .text.libgcc.mul
                0x00000000        0x0 c:/program files (x86)/atmel/studio/7.0/toolchain/avr8/avr8-gnu-toolchain/bin/../lib/gcc/avr/4.9.2/avr5\libgcc.a(_udivmodhi4.o)
 .text.libgcc.div
                0x00000000       0x28 c:/program files (x86)/atmel/studio/7.0/toolchain/avr8/avr8-gnu-toolchain/bin/../lib/gcc/avr/4.9.2/avr5\libgcc.a(_udivmodhi4.o)
 .text.libgcc   0x00000000        0x0 c:/program files (x86)/atmel/studio/7.0/toolchain/avr8/avr8-gnu-toolchain/bin/../lib/gcc/avr/4.9.2/avr5\libgcc.a(_udivmodhi4.o)
 .text.libgcc.prologue
                0x00000000        0x0 c:/program files (x86)/atmel/studio/7.0/toolchain/avr8/avr8-gnu-toolchain/bin/../lib/gcc/avr/4.9.2/avr5\libgcc.a(_udivmodhi4.o)
 .text.libgcc.builtins
                0x00000000        0x0 c:/program files (x86)/atmel/studio/7.0/toolchain/avr8/avr8-gnu-toolchain/bin/../lib/gcc/avr/4.9.2/avr5\libgcc.a(_udivmodhi4.o)
 .text.libgcc.fmul
                0x00000000        0x0 c:/program files (x86)/atmel/studio/7.0/toolchain/avr8/avr8-gnu-toolchain/bin/../lib/gcc/avr/4.9.2/avr5\libgcc.a(_udivmodhi4.o)
 .text.libgcc.fixed
                0x00000000        0x0 c:/program files (x86)/atmel/studio/7.0/toolchain/avr8/avr8-gnu-toolchain/bin/../lib/gcc/avr/4.9.2/avr5\libgcc.a(_udivmodhi4.o)
 .text          0x00000000        0x0 c:/program files (x86)/atmel/studio/7.0/toolchain/avr8/avr8-gnu-toolchain/bin/../lib/gcc/avr/4.9.2/avr5\libgcc.a(_exit.o)
 .data          0x00000000        0x0 c:/program files (x86)/atmel/studio/7.0/toolchain/avr8/avr8-gnu-toolchain/bin/../lib/gcc/avr/4.9.2/avr5\libgcc.a(_exit.o)
 .bss           0x00000000        0x0 c:/program files (x86)/atmel/studio/7.0/toolchain/avr8/avr8-gnu-toolchain/bin/../lib/gcc/avr/4.9.2/avr5\libgcc.a(_exit.o)
 .text.libgcc.mul
                0x00000000        0x0 c:/program files (x86)/atmel/studio/7.0/toolchain/avr8/avr8-gnu-toolchain/bin/../lib/gcc/avr/4.9.2/avr5\libgcc.a(_exit.o)
 .text.libgcc.div
                0x00000000        0x0 c:/program files (x86)/atmel/studio/7.0/toolchain/avr8/avr8-gnu-toolchain/bin/../lib/gcc/avr/4.9.2/avr5\libgcc.a(_exit.o)
 .text.libgcc   0x00000000        0x0 c:/program files (x86)/atmel/studio/7.0/toolchain/avr8/avr8-gnu-toolchain/bin/../lib/gcc/avr/4.9.2/avr5\libgcc.a(_exit.o)
 .text.libgcc.prologue
                0x00000000        0x0 c:/program files (x86)/atmel/studio/7.0/toolchain/avr8/avr8-gnu-toolchain/bin/../lib/gcc/avr/4.9.2/avr5\libgcc.a(_exit.o)
 .text.libgcc.builtins
                0x00000000        0x0 c:/program files (x86)/atmel/studio/7.0/toolchain/avr8/avr8-gnu-toolchain/bin/../lib/gcc/avr/4.9.2/avr5\libgcc.a(_exit.o)
 .text.libgcc.fmul
                0x00000000        0x0 c:/program files (x86)/atmel/studio/7.0/toolchain/avr8/avr8-gnu-toolchain/bin/../lib/gcc/avr/4.9.2/avr5\libgcc.a(_exit.o)
 .text.libgcc.fixed
                0x00000000        0x0 c:/program files (x86)/atmel/studio/7.0/toolchain/avr8/avr8-gnu-toolchain/bin/../lib/gcc/avr/4.9.2/avr5\libgcc.a(_exit.o)
 .text          0x00000000        0x0 c:/program files (x86)/atmel/studio/7.0/toolchain/avr8/avr8-gnu-toolchain/bin/../lib/gcc/avr/4.9.2/avr5\libgcc.a(_copy_data.o)
 .data          0x00000000        0x0 c:/program files (x86)/atmel/studio/7.0/toolchain/avr8/avr8-gnu-toolchain/bin/../lib/gcc/avr/4.9.2/avr5\libgcc.a(_copy_data.o)
 .bss           0x00000000        0x0 c:/program files (x86)/atmel/studio/7.0/toolchain/avr8/avr8-gnu-toolchain/bin/../lib/gcc/avr/4.9.2/avr5\libgcc.a(_copy_data.o)
 .text.libgcc.mul
                0x00000000        0x0 c:/program files (x86)/atmel/studio/7.0/toolchain/avr8/avr8-gnu-toolchain/bin/../lib/gcc/avr/4.9.2/avr5\libgcc.a(_copy_data.o)
 .text.libgcc.div
                0x00000000        0x0 c:/program files (x86)/atmel/studio/7.0/toolchain/avr8/avr8-gnu-toolchain/bin/../lib/gcc/avr/4.9.2/avr5\libgcc.a(_copy_data.o)
 .text.libgcc   0x00000000        0x0 c:/program files (x86)/atmel/studio/7.0/toolchain/avr8/avr8-gnu-toolchain/bin/../lib/gcc/avr/4.9.2/avr5\libgcc.a(_copy_data.o)
 .text.libgcc.prologue
                0x00000000        0x0 c:/program files (x86)/atmel/studio/7.0/toolchain/avr8/avr8-gnu-toolchain/bin/../lib/gcc/avr/4.9.2/avr5\libgcc.a(_copy_data.o)
 .text.libgcc.builtins
                0x00000000        0x0 c:/program files (x86)/atmel/studio/7.0/toolchain/avr8/avr8-gnu-toolchain/bin/../lib/gcc/avr/4.9.2/avr5\libgcc.a(_copy_data.o)
 .text.libgcc.fmul
                0x00000000        0x0 c:/program files (x86)/atmel/studio/7.0/toolchain/avr8/avr8-gnu-toolchain/bin/../lib/gcc/avr/4.9.2/avr5\libgcc.a(_copy_data.o)
 .text.libgcc.fixed
                0x00000000        0x0 c:/program files (x86)/atmel/studio/7.0/toolchain/avr8/avr8-gnu-toolchain/bin/../lib/gcc/avr/4.9.2/avr5\libgcc.a(_copy_data.o)
 .text          0x00000000        0x0 c:/program files (x86)/atmel/studio/7.0/toolchain/avr8/avr8-gnu-toolchain/bin/../lib/gcc/avr/4.9.2/avr5\libgcc.a(_clear_bss.o)
 .data          0x00000000        0x0 c:/program files (x86)/atmel/studio/7.0/toolchain/avr8/avr8-gnu-toolchain/bin/../lib/gcc/avr/4.9.2/avr5\libgcc.a(_clear_bss.o)
 .bss           0x00000000        0x0 c:/program files (x86)/atmel/studio/7.0/toolchain/avr8/avr8-gnu-toolchain/bin/../lib/gcc/avr/4.9.2/avr5\libgcc.a(_clear_bss.o)
 .text.libgcc.mul
                0x00000000        0x0 c:/program files (x86)/atmel/studio/7.0/toolchain/avr8/avr8-gnu-toolchain/bin/../lib/gcc/avr/4.9.2/avr5\libgcc.a(_clear_bss.o)
 .text.libgcc.div
                0x00000000        0x0 c:/program files (x86)/atmel/studio/7.0/toolchain/avr8/avr8-gnu-toolchain/bin/../lib/gcc/avr/4.9.2/avr5\libgcc.a(_clear_bss.o)
 .text.libgcc   0x00000000        0x0 c:/program files (x86)/atmel/studio/7.0/toolchain/avr8/avr8-gnu-toolchain/bin/../lib/gcc/avr/4.9.2/avr5\libgcc.a(_clear_bss.o)
 .text.libgcc.prologue
                0x00000000        0x0 c:/program files (x86)/atmel/studio/7.0/toolchain/avr8/avr8-gnu-toolchain/bin/../lib/gcc/avr/4.9.2/avr5\libgcc.a(_clear_bss.o)
 .text.libgcc.builtins
                0x00000000        0x0 c:/program files (x86)/atmel/studio/7.0/toolchain/avr8/avr8-gnu-toolchain/bin/../lib/gcc/avr/4.9.2/avr5\libgcc.a(_clear_bss.o)
 .text.libgcc.fmul
                0x00000000        0x0 c:/program files (x86)/atmel/studio/7.0/toolchain/avr8/avr8-gnu-toolchain/bin/../lib/gcc/avr/4.9.2/avr5\libgcc.a(_clear_bss.o)
 .text.libgcc.fixed
                0x00000000        0x0 c:/program files (x86)/atmel/studio/7.0/toolchain/avr8/avr8-gnu-toolchain/bin/../lib/gcc/avr/4.9.2/avr5\libgcc.a(_clear_bss.o)
 .text          0x00000000        0x0 c:/program files (x86)/atmel/studio/7.0/toolchain/avr8/avr8-gnu-toolchain/bin/../lib/gcc/avr/4.9.2/avr5\libgcc.a(_umulhisi3.o)
 .data          0x00000000        0x0 c:/program files (x86)/atmel/studio/7.0/toolchain/avr8/avr8-gnu-toolchain/bin/../lib/gcc/avr/4.9.2/avr5\libgcc.a(_umulhisi3.o)
 .bss           0x00000000        0x0 c:/program files (x86)/atmel/studio/7.0/toolchain/avr8/avr8-gnu-toolchain/bin/../lib/gcc/avr/4.9.2/avr5\libgcc.a(_umulhisi3.o)
 .text.libgcc.div
                0x00000000        0x0 c:/program files (x86)/atmel/studio/7.0/toolchain/avr8/avr8-gnu-toolchain/bin/../lib/gcc/avr/4.9.2/avr5\libgcc.a(_umulhisi3.o)
 .text.libgcc   0x00000000        0x0 c:/program files (x86)/atmel/studio/7.0/toolchain/avr8/avr8-gnu-toolchain/bin/../lib/gcc/avr/4.9.2/avr5\libgcc.a(_umulhisi3.o)
 .text.libgcc.prologue
                0x00000000        0x0 c:/program files (x86)/atmel/studio/7.0/toolchain/avr8/avr8-gnu-toolchain/bin/../lib/gcc/avr/4.9.2/avr5\libgcc.a(_umulhisi3.o)
 .text.libgcc.builtins
                0x00000000        0x0 c:/program files (x86)/atmel/studio/7.0/toolchain/avr8/avr8-gnu-toolchain/bin/../lib/gcc/avr/4.9.2/avr5\libgcc.a(_umulhisi3.o)
 .text.libgcc.fmul
                0x00000000        0x0 c:/program files (x86)/atmel/studio/7.0/toolchain/avr8/avr8-gnu-toolchain/bin/../lib/gcc/avr/4.9.2/avr5\libgcc.a(_umulhisi3.o)
 .text.libgcc.fixed
                0x00000000        0x0 c:/program files (x86)/atmel/studio/7.0/toolchain/avr8/avr8-gnu-toolchain/bin/../lib/gcc/avr/4.9.2/avr5\libgcc.a(_umulhisi3.o)

Memory Configuration

Name             Origin             Length             Attributes
text             0x00000000         0x00020000         xr
data             0x00800060         0x0000ffa0         rw !x
eeprom           0x00810000         0x00010000         rw !x
fuse             0x00820000         0x00000002         rw !x
lock             0x00830000         0x00000400         rw !x
signature        0x00840000         0x00000400         rw !x
user_signatures  0x00850000         0x00000400         rw !x
*default*        0x00000000         0xffffffff

Linker script and memory map

LOAD c:/program files (x86)/atmel/studio/7.0/toolchain/avr8/avr8-gnu-toolchain/bin/../lib/gcc/avr/4.9.2/../../../../avr/lib/avr5/crtatmega32.o
LOAD APP/System.o
LOAD HAL/Heating_Cooling_Elements/Heater_Cooler.o
LOAD HAL/SevenSegment/SEVEN_SEGMENT_interface.o
LOAD main.o
LOAD MCAL/ADC/ADC_interface.o
LOAD MCAL/DIO/DIO_interface.o
LOAD MCAL/Internal_EEPROM/EEPROM.o
LOAD MCAL/Interrupts/EXIT_interface.o
LOAD MCAL/Interrupts/GIE_interface.o
LOAD MCAL/Timer0/TIMER0_interface.o
LOAD MCAL/Timer1/TIMER1_interface.o
START GROUP
LOAD c:/program files (x86)/atmel/studio/7.0/toolchain/avr8/avr8-gnu-toolchain/bin/../lib/gcc/avr/4.9.2/../../../../avr/lib/avr5\libm.a
END GROUP
START GROUP
LOAD c:/program files (x86)/atmel/studio/7.0/toolchain/avr8/avr8-gnu-toolchain/bin/../lib/gcc/avr/4.9.2/avr5\libgcc.a
LOAD c:/program files (x86)/atmel/studio/7.0/toolchain/avr8/avr8-gnu-toolchain/bin/../lib/gcc/avr/4.9.2/../../../../avr/lib/avr5\libm.a
LOAD c:/program files (x86)/atmel/studio/7.0/toolchain/avr8/avr8-gnu-toolchain/bin/../lib/gcc/avr/4.9.2/../../../../avr/lib/avr5\libc.a
LOAD c:/program files (x86)/atmel/studio/7.0/toolchain/avr8/avr8-gnu-toolchain/bin/../lib/gcc/avr/4.9.2/../../../../avr/lib/avr5\libatmega32.a
END GROUP
                0x00020000                __TEXT_REGION_LENGTH__ = DEFINED (__TEXT_REGION_LENGTH__)?__TEXT_REGION_LENGTH__:0x20000
                0x0000ffa0                __DATA_REGION_LENGTH__ = DEFINED (__DATA_REGION_LENGTH__)?__DATA_REGION_LENGTH__:0xffa0
                0x00010000                __EEPROM_REGION_LENGTH__ = DEFINED (__EEPROM_REGION_LENGTH__)?__EEPROM_REGION_LENGTH__:0x10000
                [0x00000002]                __FUSE_REGION_LENGTH__ = DEFINED (__FUSE_REGION_LENGTH__)?__FUSE_REGION_LENGTH__:0x400
                0x00000400                __LOCK_REGION_LENGTH__ = DEFINED (__LOCK_REGION_LENGTH__)?__LOCK_REGION_LENGTH__:0x400
                0x00000400                __SIGNATURE_REGION_LENGTH__ = DEFINED (__SIGNATURE_REGION_LENGTH__)?__SIGNATURE_REGION_LENGTH__:0x400
                0x00000400                __USER_SIGNATURE_REGION_LENGTH__ = DEFINED (__USER_SIGNATURE_REGION_LENGTH__)?__USER_SIGNATURE_REGION_LENGTH__:0x400

.hash
 *(.hash)

.dynsym
 *(.dynsym)

.dynstr
 *(.dynstr)

.gnu.version
 *(.gnu.version)

.gnu.version_d
 *(.gnu.version_d)

.gnu.version_r
 *(.gnu.version_r)

.rel.init
 *(.rel.init)

.rela.init
 *(.rela.init)

.rel.text
 *(.rel.text)
 *(.rel.text.*)
 *(.rel.gnu.linkonce.t*)

.rela.text
 *(.rela.text)
 *(.rela.text.*)
 *(.rela.gnu.linkonce.t*)

.rel.fini
 *(.rel.fini)

.rela.fini
 *(.rela.fini)

.rel.rodata
 *(.rel.rodata)
 *(.rel.rodata.*)
 *(.rel.gnu.linkonce.r*)

.rela.rodata
 *(.rela.rodata)
 *(.rela.rodata.*)
 *(.rela.gnu.linkonce.r*)

.rel.data
 *(.rel.data)
 *(.rel.data.*)
 *(.rel.gnu.linkonce.d*)

.rela.data
 *(.rela.data)
 *(.rela.data.*)
 *(.rela.gnu.linkonce.d*)

.rel.ctors
 *(.rel.ctors)

.rela.ctors
 *(.rela.ctors)

.rel.dtors
 *(.rel.dtors)

.rela.dtors
 *(.rela.dtors)

.rel.got
 *(.rel.got)

.rela.got
 *(.rela.got)

.rel.bss
 *(.rel.bss)

.rela.bss
 *(.rela.bss)

.rel.plt
 *(.rel.plt)

.rela.plt
 *(.rela.plt)

.text           0x00000000      0xeca
 *(.vectors)
 .vectors       0x00000000       0x54 c:/program files (x86)/atmel/studio/7.0/toolchain/avr8/avr8-gnu-toolchain/bin/../lib/gcc/avr/4.9.2/../../../../avr/lib/avr5/crtatmega32.o
                0x00000000                __vector_default
                0x00000000                __vectors
 *(.vectors)
 *(.progmem.gcc*)
                0x00000054                . = ALIGN (0x2)
                0x00000054                __trampolines_start = .
 *(.trampolines)
 .trampolines   0x00000054        0x0 linker stubs
 *(.trampolines*)
                0x00000054                __trampolines_end = .
 *libprintf_flt.a:*(.progmem.data)
 *libc.a:*(.progmem.data)
 *(.progmem*)
                0x00000054                . = ALIGN (0x2)
 *(.jumptables)
 *(.jumptables*)
 *(.lowtext)
 *(.lowtext*)
                0x00000054                __ctors_start = .
 *(.ctors)
                0x00000054                __ctors_end = .
                0x00000054                __dtors_start = .
 *(.dtors)
                0x00000054                __dtors_end = .
 SORT(*)(.ctors)
 SORT(*)(.dtors)
 *(.init0)
 .init0         0x00000054        0x0 c:/program files (x86)/atmel/studio/7.0/toolchain/avr8/avr8-gnu-toolchain/bin/../lib/gcc/avr/4.9.2/../../../../avr/lib/avr5/crtatmega32.o
                0x00000054                __init
 *(.init0)
 *(.init1)
 *(.init1)
 *(.init2)
 .init2         0x00000054        0xc c:/program files (x86)/atmel/studio/7.0/toolchain/avr8/avr8-gnu-toolchain/bin/../lib/gcc/avr/4.9.2/../../../../avr/lib/avr5/crtatmega32.o
 *(.init2)
 *(.init3)
 *(.init3)
 *(.init4)
 .init4         0x00000060       0x16 c:/program files (x86)/atmel/studio/7.0/toolchain/avr8/avr8-gnu-toolchain/bin/../lib/gcc/avr/4.9.2/avr5\libgcc.a(_copy_data.o)
                0x00000060                __do_copy_data
 .init4         0x00000076       0x10 c:/program files (x86)/atmel/studio/7.0/toolchain/avr8/avr8-gnu-toolchain/bin/../lib/gcc/avr/4.9.2/avr5\libgcc.a(_clear_bss.o)
                0x00000076                __do_clear_bss
 *(.init4)
 *(.init5)
 *(.init5)
 *(.init6)
 *(.init6)
 *(.init7)
 *(.init7)
 *(.init8)
 *(.init8)
 *(.init9)
 .init9         0x00000086        0x8 c:/program files (x86)/atmel/studio/7.0/toolchain/avr8/avr8-gnu-toolchain/bin/../lib/gcc/avr/4.9.2/../../../../avr/lib/avr5/crtatmega32.o
 *(.init9)
 *(.text)
 .text          0x0000008e        0x4 c:/program files (x86)/atmel/studio/7.0/toolchain/avr8/avr8-gnu-toolchain/bin/../lib/gcc/avr/4.9.2/../../../../avr/lib/avr5/crtatmega32.o
                0x0000008e                __vector_12
                0x0000008e                __bad_interrupt
                0x0000008e                __vector_6
                0x0000008e                __vector_13
                0x0000008e                __vector_17
                0x0000008e                __vector_19
                0x0000008e                __vector_5
                0x0000008e                __vector_4
                0x0000008e                __vector_15
                0x0000008e                __vector_8
                0x0000008e                __vector_14
                0x0000008e                __vector_10
                0x0000008e                __vector_18
                0x0000008e                __vector_20
                0x00000092                . = ALIGN (0x2)
 *(.text.*)
 .text.Temperature_Setting_Up
                0x00000092       0x42 APP/System.o
                0x00000092                Temperature_Setting_Up
 .text.Temperature_Setting_Down
                0x000000d4       0x42 APP/System.o
                0x000000d4                Temperature_Setting_Down
 .text.ADC_Reading_Timer
                0x00000116       0x30 APP/System.o
                0x00000116                ADC_Reading_Timer
 .text.ON_OFF_Behaviour
                0x00000146       0x3e APP/System.o
                0x00000146                ON_OFF_Behaviour
 .text.TemperatureMonitoringTask
                0x00000184       0x84 APP/System.o
                0x00000184                TemperatureMonitoringTask
 .text.EEPROM_Init
                0x00000208       0x1a APP/System.o
                0x00000208                EEPROM_Init
 .text.System_Init
                0x00000222       0x92 APP/System.o
                0x00000222                System_Init
 .text.Heater_Cooler_Control
                0x000002b4       0x48 APP/System.o
                0x000002b4                Heater_Cooler_Control
 .text.Temperature_Sensing
                0x000002fc       0x8c APP/System.o
                0x000002fc                Temperature_Sensing
 .text.Heater_Cooler_Init
                0x00000388       0x20 HAL/Heating_Cooling_Elements/Heater_Cooler.o
                0x00000388                Heater_Cooler_Init
 .text.Heating_ElementLed_OFF
                0x000003a8        0xc HAL/Heating_Cooling_Elements/Heater_Cooler.o
                0x000003a8                Heating_ElementLed_OFF
 .text.HeatingElement_Led_TOGGLE
                0x000003b4        0xa HAL/Heating_Cooling_Elements/Heater_Cooler.o
                0x000003b4                HeatingElement_Led_TOGGLE
 .text.HeatingElement_ON
                0x000003be        0xc HAL/Heating_Cooling_Elements/Heater_Cooler.o
                0x000003be                HeatingElement_ON
 .text.HeatingElement_OFF
                0x000003ca        0xc HAL/Heating_Cooling_Elements/Heater_Cooler.o
                0x000003ca                HeatingElement_OFF
 .text.CoolingElement_ON
                0x000003d6        0xc HAL/Heating_Cooling_Elements/Heater_Cooler.o
                0x000003d6                CoolingElement_ON
 .text.CoolingElement_OFF
                0x000003e2        0xc HAL/Heating_Cooling_Elements/Heater_Cooler.o
                0x000003e2                CoolingElement_OFF
 .text.SSD_Vid_Init
                0x000003ee       0x5a HAL/SevenSegment/SEVEN_SEGMENT_interface.o
                0x000003ee                SSD_Vid_Init
 .text.SSD_DIS  0x00000448        0xc HAL/SevenSegment/SEVEN_SEGMENT_interface.o
                0x00000448                SSD_DIS
 .text.SSD_EN   0x00000454        0xc HAL/SevenSegment/SEVEN_SEGMENT_interface.o
                0x00000454                SSD_EN
 .text.SSD_TOGGLE
                0x00000460        0xa HAL/SevenSegment/SEVEN_SEGMENT_interface.o
                0x00000460                SSD_TOGGLE
 .text.SEVEN_SEGMENT_Write_Val
                0x0000046a      0x138 HAL/SevenSegment/SEVEN_SEGMENT_interface.o
                0x0000046a                SEVEN_SEGMENT_Write_Val
 .text.main     0x000005a2        0xa main.o
                0x000005a2                main
 .text.ADC_Vid_Init
                0x000005ac       0x10 MCAL/ADC/ADC_interface.o
                0x000005ac                ADC_Vid_Init
 .text.ADC_u16_Read
                0x000005bc        0x6 MCAL/ADC/ADC_interface.o
                0x000005bc                ADC_u16_Read
 .text.ADC_Vid_Start_Conversion
                0x000005c2       0x10 MCAL/ADC/ADC_interface.o
                0x000005c2                ADC_Vid_Start_Conversion
 .text.ADC_Vid_Interrupt_Enable
                0x000005d2        0x8 MCAL/ADC/ADC_interface.o
                0x000005d2                ADC_Vid_Interrupt_Enable
 .text.__vector_16
                0x000005da       0x4e MCAL/ADC/ADC_interface.o
                0x000005da                __vector_16
 .text.ADC_Set_Call_Back
                0x00000628        0xa MCAL/ADC/ADC_interface.o
                0x00000628                ADC_Set_Call_Back
 .text.DIO_Vid_Set_Pin_Dir
                0x00000632       0x5c MCAL/DIO/DIO_interface.o
                0x00000632                DIO_Vid_Set_Pin_Dir
 .text.DIO_Vid_Set_Pin_Val
                0x0000068e       0x5c MCAL/DIO/DIO_interface.o
                0x0000068e                DIO_Vid_Set_Pin_Val
 .text.DIO_u8_Get_Pin_Val
                0x000006ea       0x3c MCAL/DIO/DIO_interface.o
                0x000006ea                DIO_u8_Get_Pin_Val
 .text.DIO_Vid_Toggle_Pin_Val
                0x00000726       0x3c MCAL/DIO/DIO_interface.o
                0x00000726                DIO_Vid_Toggle_Pin_Val
 .text.DIO_Vid_Set_Port_Dir
                0x00000762       0x34 MCAL/DIO/DIO_interface.o
                0x00000762                DIO_Vid_Set_Port_Dir
 .text.EEPROM_Send
                0x00000796       0x2c MCAL/Internal_EEPROM/EEPROM.o
                0x00000796                EEPROM_Send
 .text.EEPROM_Recieve
                0x000007c2        0xa MCAL/Internal_EEPROM/EEPROM.o
                0x000007c2                EEPROM_Recieve
 .text.EXT_Vid_Interrupt_Init0
                0x000007cc       0x36 MCAL/Interrupts/EXIT_interface.o
                0x000007cc                EXT_Vid_Interrupt_Init0
 .text.EXT_Vid_Interrupt_Init1
                0x00000802       0x36 MCAL/Interrupts/EXIT_interface.o
                0x00000802                EXT_Vid_Interrupt_Init1
 .text.EXT_Vid_Interrupt_Init2
                0x00000838       0x18 MCAL/Interrupts/EXIT_interface.o
                0x00000838                EXT_Vid_Interrupt_Init2
 .text.EXT_Vid_Interrupt0
                0x00000850        0xc MCAL/Interrupts/EXIT_interface.o
                0x00000850                EXT_Vid_Interrupt0
 .text.EXT_Vid_Interrupt1
                0x0000085c        0xc MCAL/Interrupts/EXIT_interface.o
                0x0000085c                EXT_Vid_Interrupt1
 .text.EXT_Vid_Interrupt2
                0x00000868        0xc MCAL/Interrupts/EXIT_interface.o
                0x00000868                EXT_Vid_Interrupt2
 .text.EXT_Vid_Set_CallBack
                0x00000874        0xa MCAL/Interrupts/EXIT_interface.o
                0x00000874                EXT_Vid_Set_CallBack
 .text.EXT_Vid_Set_CallBack_2
                0x0000087e        0xa MCAL/Interrupts/EXIT_interface.o
                0x0000087e                EXT_Vid_Set_CallBack_2
 .text.EXT_Vid_Set_CallBack_3
                0x00000888        0xa MCAL/Interrupts/EXIT_interface.o
                0x00000888                EXT_Vid_Set_CallBack_3
 .text.__vector_1
                0x00000892       0x52 MCAL/Interrupts/EXIT_interface.o
                0x00000892                __vector_1
 .text.__vector_2
                0x000008e4       0x52 MCAL/Interrupts/EXIT_interface.o
                0x000008e4                __vector_2
 .text.__vector_3
                0x00000936       0x52 MCAL/Interrupts/EXIT_interface.o
                0x00000936                __vector_3
 .text.GIE_Vid_Enable
                0x00000988        0x8 MCAL/Interrupts/GIE_interface.o
                0x00000988                GIE_Vid_Enable
 .text.TIMER0_Vid_Start
                0x00000990       0x1a MCAL/Timer0/TIMER0_interface.o
                0x00000990                TIMER0_Vid_Start
 .text.TIMER0_Vid_Interrupt_Enable_Every
                0x000009aa       0x7c MCAL/Timer0/TIMER0_interface.o
                0x000009aa                TIMER0_Vid_Interrupt_Enable_Every
 .text.TIMER0_Vid_Set_CallBack
                0x00000a26        0xa MCAL/Timer0/TIMER0_interface.o
                0x00000a26                TIMER0_Vid_Set_CallBack
 .text.__vector_11
                0x00000a30       0x52 MCAL/Timer0/TIMER0_interface.o
                0x00000a30                __vector_11
 .text.TIMER1_Vid_Start
                0x00000a82       0x26 MCAL/Timer1/TIMER1_interface.o
                0x00000a82                TIMER1_Vid_Start
 .text.TIMER1_Vid_CTC_Init
                0x00000aa8       0x1a MCAL/Timer1/TIMER1_interface.o
                0x00000aa8                TIMER1_Vid_CTC_Init
 .text.TIMER1_Vid_CTC_InterruptEnable
                0x00000ac2        0x8 MCAL/Timer1/TIMER1_interface.o
                0x00000ac2                TIMER1_Vid_CTC_InterruptEnable
 .text.Timer1_CTC_SetCallBack
                0x00000aca        0xa MCAL/Timer1/TIMER1_interface.o
                0x00000aca                Timer1_CTC_SetCallBack
 .text.__vector_7
                0x00000ad4       0x4e MCAL/Timer1/TIMER1_interface.o
                0x00000ad4                __vector_7
 .text.__vector_9
                0x00000b22       0x4e MCAL/Timer1/TIMER1_interface.o
                0x00000b22                __vector_9
 .text.avr-libc.fplib
                0x00000b70        0x8 c:/program files (x86)/atmel/studio/7.0/toolchain/avr8/avr8-gnu-toolchain/bin/../lib/gcc/avr/4.9.2/../../../../avr/lib/avr5\libm.a(divsf3.o)
                0x00000b70                __divsf3
 .text.avr-libc.fplib
                0x00000b78       0xdc c:/program files (x86)/atmel/studio/7.0/toolchain/avr8/avr8-gnu-toolchain/bin/../lib/gcc/avr/4.9.2/../../../../avr/lib/avr5\libm.a(divsf3x.o)
                0x00000b98                __divsf3x
                0x00000b9e                __divsf3_pse
 .text.avr-libc.fplib
                0x00000c54       0x5e c:/program files (x86)/atmel/studio/7.0/toolchain/avr8/avr8-gnu-toolchain/bin/../lib/gcc/avr/4.9.2/../../../../avr/lib/avr5\libm.a(fixunssfsi.o)
                0x00000c54                __fixunssfsi
 .text.avr-libc.fplib
                0x00000cb2       0x7a c:/program files (x86)/atmel/studio/7.0/toolchain/avr8/avr8-gnu-toolchain/bin/../lib/gcc/avr/4.9.2/../../../../avr/lib/avr5\libm.a(floatsisf.o)
                0x00000cb2                __floatunsisf
                0x00000cb6                __floatsisf
 .text.avr-libc.fplib
                0x00000d2c        0xc c:/program files (x86)/atmel/studio/7.0/toolchain/avr8/avr8-gnu-toolchain/bin/../lib/gcc/avr/4.9.2/../../../../avr/lib/avr5\libm.a(fp_inf.o)
                0x00000d2c                __fp_inf
 .text.avr-libc.fplib
                0x00000d38        0x6 c:/program files (x86)/atmel/studio/7.0/toolchain/avr8/avr8-gnu-toolchain/bin/../lib/gcc/avr/4.9.2/../../../../avr/lib/avr5\libm.a(fp_nan.o)
                0x00000d38                __fp_nan
 .text.avr-libc.fplib
                0x00000d3e        0xe c:/program files (x86)/atmel/studio/7.0/toolchain/avr8/avr8-gnu-toolchain/bin/../lib/gcc/avr/4.9.2/../../../../avr/lib/avr5\libm.a(fp_pscA.o)
                0x00000d3e                __fp_pscA
 .text.avr-libc.fplib
                0x00000d4c        0xe c:/program files (x86)/atmel/studio/7.0/toolchain/avr8/avr8-gnu-toolchain/bin/../lib/gcc/avr/4.9.2/../../../../avr/lib/avr5\libm.a(fp_pscB.o)
                0x00000d4c                __fp_pscB
 .text.avr-libc.fplib
                0x00000d5a       0x22 c:/program files (x86)/atmel/studio/7.0/toolchain/avr8/avr8-gnu-toolchain/bin/../lib/gcc/avr/4.9.2/../../../../avr/lib/avr5\libm.a(fp_round.o)
                0x00000d5a                __fp_round
 .text.avr-libc.fplib
                0x00000d7c       0x44 c:/program files (x86)/atmel/studio/7.0/toolchain/avr8/avr8-gnu-toolchain/bin/../lib/gcc/avr/4.9.2/../../../../avr/lib/avr5\libm.a(fp_split3.o)
                0x00000d7c                __fp_split3
                0x00000d8c                __fp_splitA
 .text.avr-libc.fplib
                0x00000dc0        0xe c:/program files (x86)/atmel/studio/7.0/toolchain/avr8/avr8-gnu-toolchain/bin/../lib/gcc/avr/4.9.2/../../../../avr/lib/avr5\libm.a(fp_zero.o)
                0x00000dc0                __fp_zero
                0x00000dc2                __fp_szero
 .text.avr-libc.fplib
                0x00000dce        0x8 c:/program files (x86)/atmel/studio/7.0/toolchain/avr8/avr8-gnu-toolchain/bin/../lib/gcc/avr/4.9.2/../../../../avr/lib/avr5\libm.a(mulsf3.o)
                0x00000dce                __mulsf3
 .text.avr-libc.fplib
                0x00000dd6       0xd2 c:/program files (x86)/atmel/studio/7.0/toolchain/avr8/avr8-gnu-toolchain/bin/../lib/gcc/avr/4.9.2/../../../../avr/lib/avr5\libm.a(mulsf3x.o)
                0x00000df4                __mulsf3x
                0x00000dfa                __mulsf3_pse
 .text.libgcc.mul
                0x00000ea8       0x1e c:/program files (x86)/atmel/studio/7.0/toolchain/avr8/avr8-gnu-toolchain/bin/../lib/gcc/avr/4.9.2/avr5\libgcc.a(_umulhisi3.o)
                0x00000ea8                __umulhisi3
                0x00000ec6                . = ALIGN (0x2)
 *(.fini9)
 .fini9         0x00000ec6        0x0 c:/program files (x86)/atmel/studio/7.0/toolchain/avr8/avr8-gnu-toolchain/bin/../lib/gcc/avr/4.9.2/avr5\libgcc.a(_exit.o)
                0x00000ec6                _exit
                0x00000ec6                exit
 *(.fini9)
 *(.fini8)
 *(.fini8)
 *(.fini7)
 *(.fini7)
 *(.fini6)
 *(.fini6)
 *(.fini5)
 *(.fini5)
 *(.fini4)
 *(.fini4)
 *(.fini3)
 *(.fini3)
 *(.fini2)
 *(.fini2)
 *(.fini1)
 *(.fini1)
 *(.fini0)
 .fini0         0x00000ec6        0x4 c:/program files (x86)/atmel/studio/7.0/toolchain/avr8/avr8-gnu-toolchain/bin/../lib/gcc/avr/4.9.2/avr5\libgcc.a(_exit.o)
 *(.fini0)
                0x00000eca                _etext = .

.data           0x00800060       0x1a load address 0x00000eca
                0x00800060                PROVIDE (__data_start, .)
 *(.data)
 *(.data*)
 .data.Temp_AVG
                0x00800060        0x1 APP/System.o
                0x00800060                Temp_AVG
 .data.Temp_Curr
                0x00800061        0x2 APP/System.o
                0x00800061                Temp_Curr
 .data.Temp_Set
                0x00800063        0x1 APP/System.o
                0x00800063                Temp_Set
 .data.AR_Prescaler
                0x00800064        0xc MCAL/Timer0/TIMER0_interface.o
                0x00800064                AR_Prescaler
 *(.rodata)
 .rodata        0x00800070        0xa HAL/SevenSegment/SEVEN_SEGMENT_interface.o
 *(.rodata*)
 *(.gnu.linkonce.d*)
                0x0080007a                . = ALIGN (0x2)
                0x0080007a                _edata = .
                0x0080007a                PROVIDE (__data_end, .)

.bss            0x0080007a       0x1a
                0x0080007a                PROVIDE (__bss_start, .)
 *(.bss)
 *(.bss*)
 .bss.Temp_Sum.1753
                0x0080007a        0x2 APP/System.o
 .bss.counter2.1752
                0x0080007c        0x1 APP/System.o
 .bss.counter1.1743
                0x0080007d        0x2 APP/System.o
 .bss.counter_down
                0x0080007f        0x1 APP/System.o
                0x0080007f                counter_down
 .bss.counter_up
                0x00800080        0x1 APP/System.o
                0x00800080                counter_up
 .bss.counter_5sec
                0x00800081        0x1 APP/System.o
                0x00800081                counter_5sec
 .bss.SettingMode_Flag
                0x00800082        0x1 APP/System.o
                0x00800082                SettingMode_Flag
 .bss.System_Mode
                0x00800083        0x1 APP/System.o
                0x00800083                System_Mode
 .bss.OF_Count  0x00800084        0x2 MCAL/Timer0/TIMER0_interface.o
                0x00800084                OF_Count
 .bss.ptr_CV    0x00800086        0x2 MCAL/Timer1/TIMER1_interface.o
                0x00800086                ptr_CV
 *(COMMON)
 COMMON         0x00800088        0x2 MCAL/ADC/ADC_interface.o
                0x00800088                ptr1
 COMMON         0x0080008a        0x6 MCAL/Interrupts/EXIT_interface.o
                0x0080008a                ptr_int0
                0x0080008c                ptr_int2
                0x0080008e                ptr_int1
 COMMON         0x00800090        0x2 MCAL/Timer0/TIMER0_interface.o
                0x00800090                ptr_TIMER0_int
 COMMON         0x00800092        0x2 MCAL/Timer1/TIMER1_interface.o
                0x00800092                ptr_OF
                0x00800094                PROVIDE (__bss_end, .)
                0x00000eca                __data_load_start = LOADADDR (.data)
                0x00000ee4                __data_load_end = (__data_load_start + SIZEOF (.data))

.noinit         0x00800094        0x0
                [!provide]                PROVIDE (__noinit_start, .)
 *(.noinit*)
                [!provide]                PROVIDE (__noinit_end, .)
                0x00800094                _end = .
                [!provide]                PROVIDE (__heap_start, .)

.eeprom         0x00810000        0x0
 *(.eeprom*)
                0x00810000                __eeprom_end = .

.fuse
 *(.fuse)
 *(.lfuse)
 *(.hfuse)
 *(.efuse)

.lock
 *(.lock*)

.signature
 *(.signature*)

.user_signatures
 *(.user_signatures*)

.stab
 *(.stab)

.stabstr
 *(.stabstr)

.stab.excl
 *(.stab.excl)

.stab.exclstr
 *(.stab.exclstr)

.stab.index
 *(.stab.index)

.stab.indexstr
 *(.stab.indexstr)

.comment        0x00000000       0x30
 *(.comment)
 .comment       0x00000000       0x30 APP/System.o
                                 0x31 (size before relaxing)
 .comment       0x00000030       0x31 HAL/Heating_Cooling_Elements/Heater_Cooler.o
 .comment       0x00000030       0x31 HAL/SevenSegment/SEVEN_SEGMENT_interface.o
 .comment       0x00000030       0x31 main.o
 .comment       0x00000030       0x31 MCAL/ADC/ADC_interface.o
 .comment       0x00000030       0x31 MCAL/DIO/DIO_interface.o
 .comment       0x00000030       0x31 MCAL/Internal_EEPROM/EEPROM.o
 .comment       0x00000030       0x31 MCAL/Interrupts/EXIT_interface.o
 .comment       0x00000030       0x31 MCAL/Interrupts/GIE_interface.o
 .comment       0x00000030       0x31 MCAL/Timer0/TIMER0_interface.o
 .comment       0x00000030       0x31 MCAL/Timer1/TIMER1_interface.o

.note.gnu.avr.deviceinfo
                0x00000000       0x3c
 .note.gnu.avr.deviceinfo
                0x00000000       0x3c c:/program files (x86)/atmel/studio/7.0/toolchain/avr8/avr8-gnu-toolchain/bin/../lib/gcc/avr/4.9.2/../../../../avr/lib/avr5/crtatmega32.o

.note.gnu.build-id
 *(.note.gnu.build-id)

.debug
 *(.debug)

.line
 *(.line)

.debug_srcinfo
 *(.debug_srcinfo)

.debug_sfnames
 *(.debug_sfnames)

.debug_aranges  0x00000000      0x350
 *(.debug_aranges)
 .debug_aranges
                0x00000000       0x60 APP/System.o
 .debug_aranges
                0x00000060       0x58 HAL/Heating_Cooling_Elements/Heater_Cooler.o
 .debug_aranges
                0x000000b8       0x40 HAL/SevenSegment/SEVEN_SEGMENT_interface.o
 .debug_aranges
                0x000000f8       0x20 main.o
 .debug_aranges
                0x00000118       0x50 MCAL/ADC/ADC_interface.o
 .debug_aranges
                0x00000168       0x48 MCAL/DIO/DIO_interface.o
 .debug_aranges
                0x000001b0       0x28 MCAL/Internal_EEPROM/EEPROM.o
 .debug_aranges
                0x000001d8       0x78 MCAL/Interrupts/EXIT_interface.o
 .debug_aranges
                0x00000250       0x28 MCAL/Interrupts/GIE_interface.o
 .debug_aranges
                0x00000278       0x78 MCAL/Timer0/TIMER0_interface.o
 .debug_aranges
                0x000002f0       0x60 MCAL/Timer1/TIMER1_interface.o

.debug_pubnames
 *(.debug_pubnames)

.debug_info     0x00000000     0x239d
 *(.debug_info .gnu.linkonce.wi.*)
 .debug_info    0x00000000      0x4e6 c:/program files (x86)/atmel/studio/7.0/toolchain/avr8/avr8-gnu-toolchain/bin/../lib/gcc/avr/4.9.2/../../../../avr/lib/avr5/crtatmega32.o
 .debug_info    0x000004e6      0x86f APP/System.o
 .debug_info    0x00000d55      0x29f HAL/Heating_Cooling_Elements/Heater_Cooler.o
 .debug_info    0x00000ff4      0x4d9 HAL/SevenSegment/SEVEN_SEGMENT_interface.o
 .debug_info    0x000014cd       0xad main.o
 .debug_info    0x0000157a      0x1a2 MCAL/ADC/ADC_interface.o
 .debug_info    0x0000171c      0x25c MCAL/DIO/DIO_interface.o
 .debug_info    0x00001978       0xfc MCAL/Internal_EEPROM/EEPROM.o
 .debug_info    0x00001a74      0x27a MCAL/Interrupts/EXIT_interface.o
 .debug_info    0x00001cee       0xab MCAL/Interrupts/GIE_interface.o
 .debug_info    0x00001d99      0x39d MCAL/Timer0/TIMER0_interface.o
 .debug_info    0x00002136      0x267 MCAL/Timer1/TIMER1_interface.o

.debug_abbrev   0x00000000      0xf3a
 *(.debug_abbrev)
 .debug_abbrev  0x00000000      0x4a3 c:/program files (x86)/atmel/studio/7.0/toolchain/avr8/avr8-gnu-toolchain/bin/../lib/gcc/avr/4.9.2/../../../../avr/lib/avr5/crtatmega32.o
 .debug_abbrev  0x000004a3      0x1c4 APP/System.o
 .debug_abbrev  0x00000667       0xa0 HAL/Heating_Cooling_Elements/Heater_Cooler.o
 .debug_abbrev  0x00000707       0xf9 HAL/SevenSegment/SEVEN_SEGMENT_interface.o
 .debug_abbrev  0x00000800       0x78 main.o
 .debug_abbrev  0x00000878      0x122 MCAL/ADC/ADC_interface.o
 .debug_abbrev  0x0000099a       0xcd MCAL/DIO/DIO_interface.o
 .debug_abbrev  0x00000a67       0x9a MCAL/Internal_EEPROM/EEPROM.o
 .debug_abbrev  0x00000b01       0xe1 MCAL/Interrupts/EXIT_interface.o
 .debug_abbrev  0x00000be2       0x4f MCAL/Interrupts/GIE_interface.o
 .debug_abbrev  0x00000c31      0x1b3 MCAL/Timer0/TIMER0_interface.o
 .debug_abbrev  0x00000de4      0x156 MCAL/Timer1/TIMER1_interface.o

.debug_line     0x00000000     0x1412
 *(.debug_line .debug_line.* .debug_line_end)
 .debug_line    0x00000000       0x1a c:/program files (x86)/atmel/studio/7.0/toolchain/avr8/avr8-gnu-toolchain/bin/../lib/gcc/avr/4.9.2/../../../../avr/lib/avr5/crtatmega32.o
 .debug_line    0x0000001a      0x56f APP/System.o
 .debug_line    0x00000589      0x183 HAL/Heating_Cooling_Elements/Heater_Cooler.o
 .debug_line    0x0000070c      0x1b1 HAL/SevenSegment/SEVEN_SEGMENT_interface.o
 .debug_line    0x000008bd       0x62 main.o
 .debug_line    0x0000091f      0x158 MCAL/ADC/ADC_interface.o
 .debug_line    0x00000a77      0x1c6 MCAL/DIO/DIO_interface.o
 .debug_line    0x00000c3d       0xf6 MCAL/Internal_EEPROM/EEPROM.o
 .debug_line    0x00000d33      0x239 MCAL/Interrupts/EXIT_interface.o
 .debug_line    0x00000f6c       0x95 MCAL/Interrupts/GIE_interface.o
 .debug_line    0x00001001      0x25d MCAL/Timer0/TIMER0_interface.o
 .debug_line    0x0000125e      0x1b4 MCAL/Timer1/TIMER1_interface.o

.debug_frame    0x00000000      0x800
 *(.debug_frame)
 .debug_frame   0x00000000       0xa4 APP/System.o
 .debug_frame   0x000000a4       0x94 HAL/Heating_Cooling_Elements/Heater_Cooler.o
 .debug_frame   0x00000138       0x80 HAL/SevenSegment/SEVEN_SEGMENT_interface.o
 .debug_frame   0x000001b8       0x24 main.o
 .debug_frame   0x000001dc       0xcc MCAL/ADC/ADC_interface.o
 .debug_frame   0x000002a8       0x74 MCAL/DIO/DIO_interface.o
 .debug_frame   0x0000031c       0x34 MCAL/Internal_EEPROM/EEPROM.o
 .debug_frame   0x00000350      0x1ac MCAL/Interrupts/EXIT_interface.o
 .debug_frame   0x000004fc       0x34 MCAL/Interrupts/GIE_interface.o
 .debug_frame   0x00000530      0x17c MCAL/Timer0/TIMER0_interface.o
 .debug_frame   0x000006ac      0x154 MCAL/Timer1/TIMER1_interface.o

.debug_str      0x00000000      0xc6e
 *(.debug_str)
 .debug_str     0x00000000      0x196 c:/program files (x86)/atmel/studio/7.0/toolchain/avr8/avr8-gnu-toolchain/bin/../lib/gcc/avr/4.9.2/../../../../avr/lib/avr5/crtatmega32.o
 .debug_str     0x00000196      0x5c2 APP/System.o
                                0x5fb (size before relaxing)
 .debug_str     0x00000758       0xfd HAL/Heating_Cooling_Elements/Heater_Cooler.o
                                0x2b9 (size before relaxing)
 .debug_str     0x00000855       0x5d HAL/SevenSegment/SEVEN_SEGMENT_interface.o
                                0x281 (size before relaxing)
 .debug_str     0x000008b2       0x11 main.o
                                0x1c5 (size before relaxing)
 .debug_str     0x000008c3       0x67 MCAL/ADC/ADC_interface.o
                                0x27a (size before relaxing)
 .debug_str     0x0000092a       0x7b MCAL/DIO/DIO_interface.o
                                0x267 (size before relaxing)
 .debug_str     0x000009a5       0x44 MCAL/Internal_EEPROM/EEPROM.o
                                0x205 (size before relaxing)
 .debug_str     0x000009e9       0x7f MCAL/Interrupts/EXIT_interface.o
                                0x2f8 (size before relaxing)
 .debug_str     0x00000a68       0x23 MCAL/Interrupts/GIE_interface.o
                                0x1e8 (size before relaxing)
 .debug_str     0x00000a8b      0x12d MCAL/Timer0/TIMER0_interface.o
                                0x345 (size before relaxing)
 .debug_str     0x00000bb8       0xb6 MCAL/Timer1/TIMER1_interface.o
                                0x2d1 (size before relaxing)

.debug_loc      0x00000000      0xe87
 *(.debug_loc)
 .debug_loc     0x00000000       0x5b APP/System.o
 .debug_loc     0x0000005b       0xfe HAL/SevenSegment/SEVEN_SEGMENT_interface.o
 .debug_loc     0x00000159       0xec MCAL/ADC/ADC_interface.o
 .debug_loc     0x00000245      0x21c MCAL/DIO/DIO_interface.o
 .debug_loc     0x00000461       0xa1 MCAL/Internal_EEPROM/EEPROM.o
 .debug_loc     0x00000502      0x341 MCAL/Interrupts/EXIT_interface.o
 .debug_loc     0x00000843      0x3f4 MCAL/Timer0/TIMER0_interface.o
 .debug_loc     0x00000c37      0x250 MCAL/Timer1/TIMER1_interface.o

.debug_macinfo
 *(.debug_macinfo)

.debug_weaknames
 *(.debug_weaknames)

.debug_funcnames
 *(.debug_funcnames)

.debug_typenames
 *(.debug_typenames)

.debug_varnames
 *(.debug_varnames)

.debug_pubtypes
 *(.debug_pubtypes)

.debug_ranges   0x00000000      0x2a0
 *(.debug_ranges)
 .debug_ranges  0x00000000       0x50 APP/System.o
 .debug_ranges  0x00000050       0x48 HAL/Heating_Cooling_Elements/Heater_Cooler.o
 .debug_ranges  0x00000098       0x30 HAL/SevenSegment/SEVEN_SEGMENT_interface.o
 .debug_ranges  0x000000c8       0x10 main.o
 .debug_ranges  0x000000d8       0x40 MCAL/ADC/ADC_interface.o
 .debug_ranges  0x00000118       0x38 MCAL/DIO/DIO_interface.o
 .debug_ranges  0x00000150       0x18 MCAL/Internal_EEPROM/EEPROM.o
 .debug_ranges  0x00000168       0x68 MCAL/Interrupts/EXIT_interface.o
 .debug_ranges  0x000001d0       0x18 MCAL/Interrupts/GIE_interface.o
 .debug_ranges  0x000001e8       0x68 MCAL/Timer0/TIMER0_interface.o
 .debug_ranges  0x00000250       0x50 MCAL/Timer1/TIMER1_interface.o

.debug_macro
 *(.debug_macro)
OUTPUT(Electric_WaterHeater.elf elf32-avr)
LOAD linker stubs
